Traceback (most recent call last):
  File "/home/runner/work/porespy/porespy/.venv/lib/python3.12/site-packages/jupyter_core/utils/__init__.py", line 154, in wrapped
    asyncio.get_running_loop()
RuntimeError: no running event loop

During handling of the above exception, another exception occurred:

Traceback (most recent call last):
  File "/home/runner/work/porespy/porespy/.venv/lib/python3.12/site-packages/jupyter_cache/executors/utils.py", line 58, in single_nb_execution
    executenb(
  File "/home/runner/work/porespy/porespy/.venv/lib/python3.12/site-packages/nbclient/client.py", line 1319, in execute
    return NotebookClient(nb=nb, resources=resources, km=km, **kwargs).execute()
           ^^^^^^^^^^^^^^^^^^^^^^^^^^^^^^^^^^^^^^^^^^^^^^^^^^^^^^^^^^^^^^^^^^^^^
  File "/home/runner/work/porespy/porespy/.venv/lib/python3.12/site-packages/jupyter_core/utils/__init__.py", line 158, in wrapped
    return loop.run_until_complete(inner)
           ^^^^^^^^^^^^^^^^^^^^^^^^^^^^^^
  File "/usr/lib/python3.12/asyncio/base_events.py", line 687, in run_until_complete
    return future.result()
           ^^^^^^^^^^^^^^^
  File "/home/runner/work/porespy/porespy/.venv/lib/python3.12/site-packages/nbclient/client.py", line 709, in async_execute
    await self.async_execute_cell(
  File "/home/runner/work/porespy/porespy/.venv/lib/python3.12/site-packages/nbclient/client.py", line 1062, in async_execute_cell
    await self._check_raise_for_error(cell, cell_index, exec_reply)
  File "/home/runner/work/porespy/porespy/.venv/lib/python3.12/site-packages/nbclient/client.py", line 918, in _check_raise_for_error
    raise CellExecutionError.from_cell_and_msg(cell, exec_reply_content)
nbclient.exceptions.CellExecutionError: An error occurred while executing the following cell:
------------------
results = ps.simulations.tortuosity_fd(im=im, axis=1)
print(results)
------------------


[31m---------------------------------------------------------------------------[39m
[31mModuleNotFoundError[39m                       Traceback (most recent call last)
[36mCell[39m[36m [39m[32mIn[3][39m[32m, line 1[39m
[32m----> [39m[32m1[39m results = [43mps[49m[43m.[49m[43msimulations[49m[43m.[49m[43mtortuosity_fd[49m[43m([49m[43mim[49m[43m=[49m[43mim[49m[43m,[49m[43m [49m[43maxis[49m[43m=[49m[32;43m1[39;49m[43m)[49m
[32m      2[39m [38;5;28mprint[39m(results)

[36mFile [39m[32m~/work/porespy/porespy/src/porespy/simulations/_dns.py:54[39m, in [36mtortuosity_fd[39m[34m(im, axis, solver)[39m
[32m     16[39m [38;5;28;01mdef[39;00m[38;5;250m [39m[34mtortuosity_fd[39m(im, axis, solver=[38;5;28;01mNone[39;00m):
[32m     17[39m [38;5;250m    [39m[33mr[39m[33;03m"""[39;00m
[32m     18[39m [33;03m    Calculates the tortuosity of image in the specified direction.[39;00m
[32m     19[39m 
[32m   (...)[39m[32m     52[39m 
[32m     53[39m [33;03m    """[39;00m
[32m---> [39m[32m54[39m     [38;5;28;01mimport[39;00m[38;5;250m [39m[34;01mopenpnm[39;00m[38;5;250m [39m[38;5;28;01mas[39;00m[38;5;250m [39m[34;01mop[39;00m
[32m     55[39m     ws = op.Workspace()
[32m     57[39m     [38;5;28;01mif[39;00m axis > (im.ndim - [32m1[39m):

[31mModuleNotFoundError[39m: No module named 'openpnm'

