Traceback (most recent call last):
  File "/opt/hostedtoolcache/Python/3.12.10/x64/lib/python3.12/site-packages/jupyter_cache/executors/utils.py", line 58, in single_nb_execution
    executenb(
  File "/opt/hostedtoolcache/Python/3.12.10/x64/lib/python3.12/site-packages/nbclient/client.py", line 1319, in execute
    return NotebookClient(nb=nb, resources=resources, km=km, **kwargs).execute()
           ^^^^^^^^^^^^^^^^^^^^^^^^^^^^^^^^^^^^^^^^^^^^^^^^^^^^^^^^^^^^^^^^^^^^^
  File "/opt/hostedtoolcache/Python/3.12.10/x64/lib/python3.12/site-packages/jupyter_core/utils/__init__.py", line 165, in wrapped
    return loop.run_until_complete(inner)
           ^^^^^^^^^^^^^^^^^^^^^^^^^^^^^^
  File "/opt/hostedtoolcache/Python/3.12.10/x64/lib/python3.12/asyncio/base_events.py", line 691, in run_until_complete
    return future.result()
           ^^^^^^^^^^^^^^^
  File "/opt/hostedtoolcache/Python/3.12.10/x64/lib/python3.12/site-packages/nbclient/client.py", line 709, in async_execute
    await self.async_execute_cell(
  File "/opt/hostedtoolcache/Python/3.12.10/x64/lib/python3.12/site-packages/nbclient/client.py", line 1062, in async_execute_cell
    await self._check_raise_for_error(cell, cell_index, exec_reply)
  File "/opt/hostedtoolcache/Python/3.12.10/x64/lib/python3.12/site-packages/nbclient/client.py", line 918, in _check_raise_for_error
    raise CellExecutionError.from_cell_and_msg(cell, exec_reply_content)
nbclient.exceptions.CellExecutionError: An error occurred while executing the following cell:
------------------
fig, ax = plt.subplots(1, 2, figsize=(10, 5))
np.random.seed(0)
im1 = ps.generators.cylindrical_pillars_mesh(
    shape=[401, 601],
    a=500,
)
im2 = ps.generators.cylindrical_pillars_mesh(
    shape=[401, 601], 
    a=5000,
)

ax[0].imshow(im1, origin='lower', interpolation='none')
ax[0].set_title('a=500')
ax[1].imshow(im2, origin='lower', interpolation='none')
ax[1].set_title('a=5000');
------------------


[31m---------------------------------------------------------------------------[39m
[31mModuleNotFoundError[39m                       Traceback (most recent call last)
[36mFile [39m[32m~/work/porespy/porespy/src/porespy/generators/_micromodels.py:289[39m, in [36mcylindrical_pillars_mesh[39m[34m(shape, f, a, n, truncate)[39m
[32m    288[39m [38;5;28;01mtry[39;00m:
[32m--> [39m[32m289[39m     [38;5;28;01mfrom[39;00m[38;5;250m [39m[34;01mnanomesh[39;00m[38;5;250m [39m[38;5;28;01mimport[39;00m Mesher2D
[32m    290[39m [38;5;28;01mexcept[39;00m [38;5;167;01mModuleNotFoundError[39;00m:

[31mModuleNotFoundError[39m: No module named 'nanomesh'

During handling of the above exception, another exception occurred:

[31mModuleNotFoundError[39m                       Traceback (most recent call last)
[36mCell[39m[36m [39m[32mIn[2][39m[32m, line 3[39m
[32m      1[39m fig, ax = plt.subplots([32m1[39m, [32m2[39m, figsize=([32m10[39m, [32m5[39m))
[32m      2[39m np.random.seed([32m0[39m)
[32m----> [39m[32m3[39m im1 = [43mps[49m[43m.[49m[43mgenerators[49m[43m.[49m[43mcylindrical_pillars_mesh[49m[43m([49m
[32m      4[39m [43m    [49m[43mshape[49m[43m=[49m[43m[[49m[32;43m401[39;49m[43m,[49m[43m [49m[32;43m601[39;49m[43m][49m[43m,[49m
[32m      5[39m [43m    [49m[43ma[49m[43m=[49m[32;43m500[39;49m[43m,[49m
[32m      6[39m [43m)[49m
[32m      7[39m im2 = ps.generators.cylindrical_pillars_mesh(
[32m      8[39m     shape=[[32m401[39m, [32m601[39m], 
[32m      9[39m     a=[32m5000[39m,
[32m     10[39m )
[32m     12[39m ax[[32m0[39m].imshow(im1, origin=[33m'[39m[33mlower[39m[33m'[39m, interpolation=[33m'[39m[33mnone[39m[33m'[39m)

[36mFile [39m[32m~/work/porespy/porespy/src/porespy/generators/_micromodels.py:292[39m, in [36mcylindrical_pillars_mesh[39m[34m(shape, f, a, n, truncate)[39m
[32m    290[39m [38;5;28;01mexcept[39;00m [38;5;167;01mModuleNotFoundError[39;00m:
[32m    291[39m     msg = [33m"[39m[33mThe nanomesh package can be installed with `pip install nanomesh`[39m[33m"[39m
[32m--> [39m[32m292[39m     [38;5;28;01mraise[39;00m [38;5;167;01mModuleNotFoundError[39;00m(msg)
[32m    294[39m [38;5;28;01mif[39;00m [38;5;28mlen[39m(shape) != [32m2[39m:
[32m    295[39m     [38;5;28;01mraise[39;00m [38;5;167;01mException[39;00m([33m'[39m[33mshape must be 2D for this function[39m[33m'[39m)

[31mModuleNotFoundError[39m: The nanomesh package can be installed with `pip install nanomesh`

