Traceback (most recent call last):
  File "/home/runner/work/porespy/porespy/.venv/lib/python3.12/site-packages/jupyter_core/utils/__init__.py", line 154, in wrapped
    asyncio.get_running_loop()
RuntimeError: no running event loop

During handling of the above exception, another exception occurred:

Traceback (most recent call last):
  File "/home/runner/work/porespy/porespy/.venv/lib/python3.12/site-packages/jupyter_cache/executors/utils.py", line 58, in single_nb_execution
    executenb(
  File "/home/runner/work/porespy/porespy/.venv/lib/python3.12/site-packages/nbclient/client.py", line 1319, in execute
    return NotebookClient(nb=nb, resources=resources, km=km, **kwargs).execute()
           ^^^^^^^^^^^^^^^^^^^^^^^^^^^^^^^^^^^^^^^^^^^^^^^^^^^^^^^^^^^^^^^^^^^^^
  File "/home/runner/work/porespy/porespy/.venv/lib/python3.12/site-packages/jupyter_core/utils/__init__.py", line 158, in wrapped
    return loop.run_until_complete(inner)
           ^^^^^^^^^^^^^^^^^^^^^^^^^^^^^^
  File "/usr/lib/python3.12/asyncio/base_events.py", line 687, in run_until_complete
    return future.result()
           ^^^^^^^^^^^^^^^
  File "/home/runner/work/porespy/porespy/.venv/lib/python3.12/site-packages/nbclient/client.py", line 709, in async_execute
    await self.async_execute_cell(
  File "/home/runner/work/porespy/porespy/.venv/lib/python3.12/site-packages/nbclient/client.py", line 1062, in async_execute_cell
    await self._check_raise_for_error(cell, cell_index, exec_reply)
  File "/home/runner/work/porespy/porespy/.venv/lib/python3.12/site-packages/nbclient/client.py", line 918, in _check_raise_for_error
    raise CellExecutionError.from_cell_and_msg(cell, exec_reply_content)
nbclient.exceptions.CellExecutionError: An error occurred while executing the following cell:
------------------
np.random.seed(10)
shape = [200, 200]
im = ps.generators.fractal_noise(shape=shape)
fig, ax = plt.subplots(1, 1, figsize=[4, 4])
ax.imshow(im, origin='lower', interpolation='none')
ax.axis(False);
------------------


[31m---------------------------------------------------------------------------[39m
[31mModuleNotFoundError[39m                       Traceback (most recent call last)
[36mFile [39m[32m~/work/porespy/porespy/src/porespy/generators/_noise.py:94[39m, in [36mfractal_noise[39m[34m(shape, porosity, frequency, octaves, gain, mode, seed, cores, uniform)[39m
[32m     93[39m [38;5;28;01mtry[39;00m:
[32m---> [39m[32m94[39m     [38;5;28;01mfrom[39;00m[38;5;250m [39m[34;01mpyfastnoisesimd[39;00m[38;5;250m [39m[38;5;28;01mimport[39;00m Noise, NoiseType, PerturbType
[32m     95[39m [38;5;28;01mexcept[39;00m [38;5;167;01mModuleNotFoundError[39;00m:

[31mModuleNotFoundError[39m: No module named 'pyfastnoisesimd'

During handling of the above exception, another exception occurred:

[31mModuleNotFoundError[39m                       Traceback (most recent call last)
[36mCell[39m[36m [39m[32mIn[2][39m[32m, line 3[39m
[32m      1[39m np.random.seed([32m10[39m)
[32m      2[39m shape = [[32m200[39m, [32m200[39m]
[32m----> [39m[32m3[39m im = [43mps[49m[43m.[49m[43mgenerators[49m[43m.[49m[43mfractal_noise[49m[43m([49m[43mshape[49m[43m=[49m[43mshape[49m[43m)[49m
[32m      4[39m fig, ax = plt.subplots([32m1[39m, [32m1[39m, figsize=[[32m4[39m, [32m4[39m])
[32m      5[39m ax.imshow(im, origin=[33m'[39m[33mlower[39m[33m'[39m, interpolation=[33m'[39m[33mnone[39m[33m'[39m)

[36mFile [39m[32m~/work/porespy/porespy/src/porespy/generators/_noise.py:96[39m, in [36mfractal_noise[39m[34m(shape, porosity, frequency, octaves, gain, mode, seed, cores, uniform)[39m
[32m     94[39m     [38;5;28;01mfrom[39;00m[38;5;250m [39m[34;01mpyfastnoisesimd[39;00m[38;5;250m [39m[38;5;28;01mimport[39;00m Noise, NoiseType, PerturbType
[32m     95[39m [38;5;28;01mexcept[39;00m [38;5;167;01mModuleNotFoundError[39;00m:
[32m---> [39m[32m96[39m     [38;5;28;01mraise[39;00m [38;5;167;01mModuleNotFoundError[39;00m(
[32m     97[39m         [33m"[39m[33mYou need to install `pyfastnoisesimd` using[39m[33m"[39m [33m"[39m[33m `pip install pyfastnoisesimd`[39m[33m"[39m
[32m     98[39m     )
[32m     99[39m [38;5;28;01mif[39;00m cores [38;5;129;01mis[39;00m [38;5;28;01mNone[39;00m:
[32m    100[39m     cores = psutil.cpu_count(logical=[38;5;28;01mFalse[39;00m)

[31mModuleNotFoundError[39m: You need to install `pyfastnoisesimd` using `pip install pyfastnoisesimd`

