Traceback (most recent call last):
  File "/opt/hostedtoolcache/Python/3.12.8/x64/lib/python3.12/site-packages/jupyter_cache/executors/utils.py", line 58, in single_nb_execution
    executenb(
  File "/opt/hostedtoolcache/Python/3.12.8/x64/lib/python3.12/site-packages/nbclient/client.py", line 1319, in execute
    return NotebookClient(nb=nb, resources=resources, km=km, **kwargs).execute()
           ^^^^^^^^^^^^^^^^^^^^^^^^^^^^^^^^^^^^^^^^^^^^^^^^^^^^^^^^^^^^^^^^^^^^^
  File "/opt/hostedtoolcache/Python/3.12.8/x64/lib/python3.12/site-packages/jupyter_core/utils/__init__.py", line 165, in wrapped
    return loop.run_until_complete(inner)
           ^^^^^^^^^^^^^^^^^^^^^^^^^^^^^^
  File "/opt/hostedtoolcache/Python/3.12.8/x64/lib/python3.12/asyncio/base_events.py", line 686, in run_until_complete
    return future.result()
           ^^^^^^^^^^^^^^^
  File "/opt/hostedtoolcache/Python/3.12.8/x64/lib/python3.12/site-packages/nbclient/client.py", line 709, in async_execute
    await self.async_execute_cell(
  File "/opt/hostedtoolcache/Python/3.12.8/x64/lib/python3.12/site-packages/nbclient/client.py", line 1062, in async_execute_cell
    await self._check_raise_for_error(cell, cell_index, exec_reply)
  File "/opt/hostedtoolcache/Python/3.12.8/x64/lib/python3.12/site-packages/nbclient/client.py", line 918, in _check_raise_for_error
    raise CellExecutionError.from_cell_and_msg(cell, exec_reply_content)
nbclient.exceptions.CellExecutionError: An error occurred while executing the following cell:
------------------
df = ps.metrics.props_to_DataFrame(props)
------------------


[0;31m---------------------------------------------------------------------------[0m
[0;31mNameError[0m                                 Traceback (most recent call last)
Cell [0;32mIn[4], line 1[0m
[0;32m----> 1[0m df [38;5;241m=[39m [43mps[49m[38;5;241;43m.[39;49m[43mmetrics[49m[38;5;241;43m.[39;49m[43mprops_to_DataFrame[49m[43m([49m[43mprops[49m[43m)[49m

File [0;32m~/work/porespy/porespy/src/porespy/metrics/_regionprops.py:73[0m, in [0;36mprops_to_DataFrame[0;34m(regionprops)[0m
[1;32m     71[0m [38;5;28;01mif[39;00m [38;5;129;01mnot[39;00m item[38;5;241m.[39mstartswith([38;5;124m'[39m[38;5;124m_[39m[38;5;124m'[39m):
[1;32m     72[0m     [38;5;28;01mtry[39;00m:
[0;32m---> 73[0m         [38;5;28;01mif[39;00m np[38;5;241m.[39mshape([38;5;28;43mgetattr[39;49m[43m([49m[43mreg[49m[43m,[49m[43m [49m[43mitem[49m[43m)[49m) [38;5;241m==[39m ():
[1;32m     74[0m             metrics[38;5;241m.[39mappend(item)
[1;32m     75[0m     [38;5;28;01mexcept[39;00m ([38;5;167;01mTypeError[39;00m, [38;5;167;01mNotImplementedError[39;00m, [38;5;167;01mAttributeError[39;00m):

File [0;32m~/work/porespy/porespy/src/porespy/metrics/_regionprops.py:282[0m, in [0;36mRegionPropertiesPS.skeleton[0;34m(self)[0m
[1;32m    280[0m [38;5;129m@property[39m
[1;32m    281[0m [38;5;28;01mdef[39;00m[38;5;250m [39m[38;5;21mskeleton[39m([38;5;28mself[39m):
[0;32m--> 282[0m     [38;5;28;01mreturn[39;00m [43mskeletonize[49m([38;5;28mself[39m[38;5;241m.[39mmask)

[0;31mNameError[0m: name 'skeletonize' is not defined

