Traceback (most recent call last):
  File "/home/runner/work/porespy/porespy/.venv/lib/python3.13/site-packages/jupyter_cache/executors/utils.py", line 58, in single_nb_execution
    executenb(
    ~~~~~~~~~^
        nb,
        ^^^
    ...<4 lines>...
        **kwargs,
        ^^^^^^^^^
    )
    ^
  File "/home/runner/work/porespy/porespy/.venv/lib/python3.13/site-packages/nbclient/client.py", line 1319, in execute
    return NotebookClient(nb=nb, resources=resources, km=km, **kwargs).execute()
           ~~~~~~~~~~~~~~~~~~~~~~~~~~~~~~~~~~~~~~~~~~~~~~~~~~~~~~~~~~~~~~~~~~~^^
  File "/home/runner/work/porespy/porespy/.venv/lib/python3.13/site-packages/jupyter_core/utils/__init__.py", line 165, in wrapped
    return loop.run_until_complete(inner)
           ~~~~~~~~~~~~~~~~~~~~~~~^^^^^^^
  File "/home/runner/work/_temp/uv-python-dir/cpython-3.13.10-linux-x86_64-gnu/lib/python3.13/asyncio/base_events.py", line 725, in run_until_complete
    return future.result()
           ~~~~~~~~~~~~~^^
  File "/home/runner/work/porespy/porespy/.venv/lib/python3.13/site-packages/nbclient/client.py", line 709, in async_execute
    await self.async_execute_cell(
        cell, index, execution_count=self.code_cells_executed + 1
    )
  File "/home/runner/work/porespy/porespy/.venv/lib/python3.13/site-packages/nbclient/client.py", line 1062, in async_execute_cell
    await self._check_raise_for_error(cell, cell_index, exec_reply)
  File "/home/runner/work/porespy/porespy/.venv/lib/python3.13/site-packages/nbclient/client.py", line 918, in _check_raise_for_error
    raise CellExecutionError.from_cell_and_msg(cell, exec_reply_content)
nbclient.exceptions.CellExecutionError: An error occurred while executing the following cell:
------------------
vols = ps.metrics.region_volumes(regions=regions)
regions_vol = np.copy(regions)
for i in range(0, len(vols)):
    mask = np.array(np.where(regions_vol == i, regions_vol, 0), dtype=bool)
    regions_vol[mask] = vols[i]

fig, ax = plt.subplots(1, 1, figsize=[5, 4])
plt.imshow(regions_vol[:, :, 10], origin="lower", interpolation="none")
cbar = plt.colorbar(ax=ax, shrink=0.8)
ax.axis(False);
------------------


[31m---------------------------------------------------------------------------[39m
[31mModuleNotFoundError[39m                       Traceback (most recent call last)
[36mFile [39m[32m~/work/porespy/porespy/src/porespy/metrics/_meshtools.py:105[39m, in [36mmesh_volume[39m[34m(region, voxel_size)[39m
[32m    104[39m [38;5;28;01mtry[39;00m:
[32m--> [39m[32m105[39m     [38;5;28;01mfrom[39;00m[38;5;250m [39m[34;01mtrimesh[39;00m[38;5;250m [39m[38;5;28;01mimport[39;00m Trimesh
[32m    106[39m [38;5;28;01mexcept[39;00m [38;5;167;01mModuleNotFoundError[39;00m:

[31mModuleNotFoundError[39m: No module named 'trimesh'

During handling of the above exception, another exception occurred:

[31mModuleNotFoundError[39m                       Traceback (most recent call last)
[36mCell[39m[36m [39m[32mIn[3][39m[32m, line 1[39m
[32m----> [39m[32m1[39m vols = [43mps[49m[43m.[49m[43mmetrics[49m[43m.[49m[43mregion_volumes[49m[43m([49m[43mregions[49m[43m=[49m[43mregions[49m[43m)[49m
[32m      2[39m regions_vol = np.copy(regions)
[32m      3[39m [38;5;28;01mfor[39;00m i [38;5;129;01min[39;00m [38;5;28mrange[39m([32m0[39m, [38;5;28mlen[39m(vols)):

[36mFile [39m[32m~/work/porespy/porespy/src/porespy/metrics/_meshtools.py:71[39m, in [36mregion_volumes[39m[34m(regions, method, voxel_size)[39m
[32m     69[39m region = regions[s] == (i + [32m1[39m)
[32m     70[39m [38;5;28;01mif[39;00m method == [33m'[39m[33mmarching_cubes[39m[33m'[39m:
[32m---> [39m[32m71[39m     vols[i] = [43mmesh_volume[49m[43m([49m[43mregion[49m[43m,[49m[43m [49m[43mvoxel_size[49m[43m=[49m[43mvoxel_size[49m[43m)[49m
[32m     72[39m [38;5;28;01melif[39;00m method.startswith([33m'[39m[33mvoxel[39m[33m'[39m):
[32m     73[39m     vols[i] = region.sum(dtype=np.int64)

[36mFile [39m[32m~/work/porespy/porespy/src/porespy/metrics/_meshtools.py:108[39m, in [36mmesh_volume[39m[34m(region, voxel_size)[39m
[32m    106[39m [38;5;28;01mexcept[39;00m [38;5;167;01mModuleNotFoundError[39;00m:
[32m    107[39m     msg = [33m'[39m[33mThe trimesh package can be installed with pip install trimesh[39m[33m'[39m
[32m--> [39m[32m108[39m     [38;5;28;01mraise[39;00m [38;5;167;01mModuleNotFoundError[39;00m(msg)
[32m    110[39m mc = mesh_region(region > [32m0[39m, voxel_size=voxel_size)
[32m    111[39m m = Trimesh(vertices=mc.verts, faces=mc.faces, vertex_normals=mc.norm)

[31mModuleNotFoundError[39m: The trimesh package can be installed with pip install trimesh

