Traceback (most recent call last):
  File "/home/runner/work/porespy/porespy/.venv/lib/python3.12/site-packages/jupyter_cache/executors/utils.py", line 58, in single_nb_execution
    executenb(
  File "/home/runner/work/porespy/porespy/.venv/lib/python3.12/site-packages/nbclient/client.py", line 1319, in execute
    return NotebookClient(nb=nb, resources=resources, km=km, **kwargs).execute()
           ^^^^^^^^^^^^^^^^^^^^^^^^^^^^^^^^^^^^^^^^^^^^^^^^^^^^^^^^^^^^^^^^^^^^^
  File "/home/runner/work/porespy/porespy/.venv/lib/python3.12/site-packages/jupyter_core/utils/__init__.py", line 165, in wrapped
    return loop.run_until_complete(inner)
           ^^^^^^^^^^^^^^^^^^^^^^^^^^^^^^
  File "/usr/lib/python3.12/asyncio/base_events.py", line 687, in run_until_complete
    return future.result()
           ^^^^^^^^^^^^^^^
  File "/home/runner/work/porespy/porespy/.venv/lib/python3.12/site-packages/nbclient/client.py", line 709, in async_execute
    await self.async_execute_cell(
  File "/home/runner/work/porespy/porespy/.venv/lib/python3.12/site-packages/nbclient/client.py", line 1062, in async_execute_cell
    await self._check_raise_for_error(cell, cell_index, exec_reply)
  File "/home/runner/work/porespy/porespy/.venv/lib/python3.12/site-packages/nbclient/client.py", line 918, in _check_raise_for_error
    raise CellExecutionError.from_cell_and_msg(cell, exec_reply_content)
nbclient.exceptions.CellExecutionError: An error occurred while executing the following cell:
------------------
conns = ps.networks.find_conns(regions)
size_factors = ps.networks.diffusive_size_factor_DNS(regions, throat_conns=conns)
------------------


[31m---------------------------------------------------------------------------[39m
[31mTypeError[39m                                 Traceback (most recent call last)
[36mCell[39m[36m [39m[32mIn[3][39m[32m, line 2[39m
[32m      1[39m conns = ps.networks.find_conns(regions)
[32m----> [39m[32m2[39m size_factors = [43mps[49m[43m.[49m[43mnetworks[49m[43m.[49m[43mdiffusive_size_factor_DNS[49m[43m([49m[43mregions[49m[43m,[49m[43m [49m[43mthroat_conns[49m[43m=[49m[43mconns[49m[43m)[49m

[36mFile [39m[32m~/work/porespy/porespy/src/porespy/networks/_size_factors.py:123[39m, in [36mdiffusive_size_factor_DNS[39m[34m(regions, throat_conns, voxel_size)[39m
[32m    121[39m cn = throat_conns[i]
[32m    122[39m [38;5;66;03m# crop two pore regions and label them as 1,2[39;00m
[32m--> [39m[32m123[39m bb = [43m_calc_bound_box_bi[49m[43m([49m[43mregions[49m[43m,[49m[43m [49m[43mcn[49m[43m[[49m[32;43m0[39;49m[43m][49m[43m,[49m[43m [49m[43mcn[49m[43m[[49m[32;43m1[39;49m[43m][49m[43m)[49m
[32m    124[39m roi_crop = np.copy(regions[bb[[32m0[39m] : bb[[32m3[39m], bb[[32m1[39m] : bb[[32m4[39m], bb[[32m2[39m] : bb[[32m5[39m]])
[32m    125[39m [38;5;66;03m# label two pore regions as 1,2[39;00m

[36mFile [39m[32m~/work/porespy/porespy/src/porespy/networks/_size_factors.py:310[39m, in [36m_calc_bound_box_bi[39m[34m(regions, pore_1, pore_2)[39m
[32m    290[39m [38;5;28;01mdef[39;00m[38;5;250m [39m[34m_calc_bound_box_bi[39m(regions, pore_1, pore_2):
[32m    291[39m [38;5;250m    [39m[33;03m"""[39;00m
[32m    292[39m [33;03m    Parameters[39;00m
[32m    293[39m [33;03m    ----------[39;00m
[32m   (...)[39m[32m    308[39m 
[32m    309[39m [33;03m    """[39;00m
[32m--> [39m[32m310[39m     slice_x, slice_y, slice_z = [43mspim[49m[43m.[49m[43mfind_objects[49m[43m([49m[43mregions[49m[43m [49m[43m==[49m[43m [49m[43mpore_1[49m[43m [49m[43m+[49m[43m [49m[32;43m1[39;49m[43m)[49m[[32m0[39m]
[32m    311[39m     slice_x2, slice_y2, slice_z2 = spim.find_objects(regions == pore_2 + [32m1[39m)[[32m0[39m]
[32m    312[39m     min_box = [
[32m    313[39m         [38;5;28mmin[39m(slice_x.start, slice_x2.start),
[32m    314[39m         [38;5;28mmin[39m(slice_y.start, slice_y2.start),
[32m    315[39m         [38;5;28mmin[39m(slice_z.start, slice_z2.start),
[32m    316[39m     ]

[36mFile [39m[32m~/work/porespy/porespy/.venv/lib/python3.12/site-packages/scipy/ndimage/_measurements.py:308[39m, in [36mfind_objects[39m[34m(input, max_label)[39m
[32m    305[39m [38;5;28;01mif[39;00m max_label < [32m1[39m:
[32m    306[39m     max_label = [38;5;28minput[39m.max()
[32m--> [39m[32m308[39m [38;5;28;01mreturn[39;00m [43m_nd_image[49m[43m.[49m[43mfind_objects[49m[43m([49m[38;5;28;43minput[39;49m[43m,[49m[43m [49m[43mmax_label[49m[43m)[49m

[31mTypeError[39m: 'numpy.bool' object cannot be interpreted as an integer

