Traceback (most recent call last):
  File "/home/runner/work/porespy/porespy/.venv/lib/python3.13/site-packages/jupyter_cache/executors/utils.py", line 58, in single_nb_execution
    executenb(
    ~~~~~~~~~^
        nb,
        ^^^
    ...<4 lines>...
        **kwargs,
        ^^^^^^^^^
    )
    ^
  File "/home/runner/work/porespy/porespy/.venv/lib/python3.13/site-packages/nbclient/client.py", line 1319, in execute
    return NotebookClient(nb=nb, resources=resources, km=km, **kwargs).execute()
           ~~~~~~~~~~~~~~~~~~~~~~~~~~~~~~~~~~~~~~~~~~~~~~~~~~~~~~~~~~~~~~~~~~~^^
  File "/home/runner/work/porespy/porespy/.venv/lib/python3.13/site-packages/jupyter_core/utils/__init__.py", line 165, in wrapped
    return loop.run_until_complete(inner)
           ~~~~~~~~~~~~~~~~~~~~~~~^^^^^^^
  File "/home/runner/work/_temp/uv-python-dir/cpython-3.13.15-linux-x86_64-gnu/lib/python3.13/asyncio/base_events.py", line 726, in run_until_complete
    return future.result()
           ~~~~~~~~~~~~~^^
  File "/home/runner/work/porespy/porespy/.venv/lib/python3.13/site-packages/nbclient/client.py", line 709, in async_execute
    await self.async_execute_cell(
        cell, index, execution_count=self.code_cells_executed + 1
    )
  File "/home/runner/work/porespy/porespy/.venv/lib/python3.13/site-packages/nbclient/client.py", line 1062, in async_execute_cell
    await self._check_raise_for_error(cell, cell_index, exec_reply)
  File "/home/runner/work/porespy/porespy/.venv/lib/python3.13/site-packages/nbclient/client.py", line 918, in _check_raise_for_error
    raise CellExecutionError.from_cell_and_msg(cell, exec_reply_content)
nbclient.exceptions.CellExecutionError: An error occurred while executing the following cell:
------------------
mesh = ps.io.to_stl(im, fmt='trimesh')
print(mesh)
------------------


[31m---------------------------------------------------------------------------[39m
[31mModuleNotFoundError[39m                       Traceback (most recent call last)
[36mFile [39m[32m~/work/porespy/porespy/src/porespy/io/_stl.py:315[39m, in [36mto_stl[39m[34m(im, filename, voxel_size, method, fmt, remove_duplicates, tol)[39m
[32m    314[39m [38;5;28;01mtry[39;00m:
[32m--> [39m[32m315[39m     [38;5;28;01mimport[39;00m[38;5;250m [39m[34;01mtrimesh[39;00m
[32m    316[39m [38;5;28;01mexcept[39;00m [38;5;167;01mModuleNotFoundError[39;00m:

[31mModuleNotFoundError[39m: No module named 'trimesh'

During handling of the above exception, another exception occurred:

[31mModuleNotFoundError[39m                       Traceback (most recent call last)
[36mCell[39m[36m [39m[32mIn[3][39m[32m, line 1[39m
[32m----> [39m[32m1[39m mesh = [43mps[49m[43m.[49m[43mio[49m[43m.[49m[43mto_stl[49m[43m([49m[43mim[49m[43m,[49m[43m [49m[43mfmt[49m[43m=[49m[33;43m'[39;49m[33;43mtrimesh[39;49m[33;43m'[39;49m[43m)[49m
[32m      2[39m [38;5;28mprint[39m(mesh)

[36mFile [39m[32m~/work/porespy/porespy/src/porespy/io/_stl.py:318[39m, in [36mto_stl[39m[34m(im, filename, voxel_size, method, fmt, remove_duplicates, tol)[39m
[32m    316[39m     [38;5;28;01mexcept[39;00m [38;5;167;01mModuleNotFoundError[39;00m:
[32m    317[39m         msg = [33m"[39m[33mtrimesh can be installed with pip install trimesh[39m[33m"[39m
[32m--> [39m[32m318[39m         [38;5;28;01mraise[39;00m [38;5;167;01mModuleNotFoundError[39;00m(msg)
[32m    319[39m     mesh = trimesh.Trimesh(vertices=v, faces=f, face_normals=n, process=[38;5;28;01mFalse[39;00m)
[32m    320[39m [38;5;28;01melif[39;00m fmt == [33m'[39m[33mopen3d[39m[33m'[39m:

[31mModuleNotFoundError[39m: trimesh can be installed with pip install trimesh

